AR c6b rtl_c6b /home/nmiller/Documents/CprE583_Reconfigurable/CprE583_Group2/Project/c6b.vhd sub00/vhpl05 1384047268
AR c4b rtl_c4b /home/nmiller/Documents/CprE583_Reconfigurable/CprE583_Group2/Project/c4b.vhd sub00/vhpl03 1384047266
EN c4b NULL /home/nmiller/Documents/CprE583_Reconfigurable/CprE583_Group2/Project/c4b.vhd sub00/vhpl01 1384047265
EN sha1 NULL /home/nmiller/Documents/CprE583_Reconfigurable/CprE583_Group2/Project/sha1_oc.vhdl sub00/vhpl00 1384047269
EN c6b NULL /home/nmiller/Documents/CprE583_Reconfigurable/CprE583_Group2/Project/c6b.vhd sub00/vhpl04 1384047267
AR sha1 phy /home/nmiller/Documents/CprE583_Reconfigurable/CprE583_Group2/Project/sha1_oc.vhdl sub00/vhpl02 1384047270
