V3 11
FL /home/nmiller/Documents/CprE583_Reconfigurable/CprE583_Group2/Project/c4b.vhd 2013/11/09.19:32:17 P.68d
EN work/c4b 1384047265 \
      FL /home/nmiller/Documents/CprE583_Reconfigurable/CprE583_Group2/Project/c4b.vhd \
      PB ieee/std_logic_1164 1370735607 PB ieee/NUMERIC_STD 1370735611
AR work/c4b/rtl_c4b 1384047266 \
      FL /home/nmiller/Documents/CprE583_Reconfigurable/CprE583_Group2/Project/c4b.vhd \
      EN work/c4b 1384047265
FL /home/nmiller/Documents/CprE583_Reconfigurable/CprE583_Group2/Project/c6b.vhd 2013/11/09.19:33:07 P.68d
EN work/c6b 1384047267 \
      FL /home/nmiller/Documents/CprE583_Reconfigurable/CprE583_Group2/Project/c6b.vhd \
      PB ieee/std_logic_1164 1370735607 PB ieee/NUMERIC_STD 1370735611
AR work/c6b/rtl_c6b 1384047268 \
      FL /home/nmiller/Documents/CprE583_Reconfigurable/CprE583_Group2/Project/c6b.vhd \
      EN work/c6b 1384047267
FL /home/nmiller/Documents/CprE583_Reconfigurable/CprE583_Group2/Project/sha1_oc.vhdl 2013/11/09.19:34:15 P.68d
EN work/sha1 1384047269 \
      FL /home/nmiller/Documents/CprE583_Reconfigurable/CprE583_Group2/Project/sha1_oc.vhdl \
      PB ieee/std_logic_1164 1370735607 PB ieee/NUMERIC_STD 1370735611
AR work/sha1/phy 1384047270 \
      FL /home/nmiller/Documents/CprE583_Reconfigurable/CprE583_Group2/Project/sha1_oc.vhdl \
      EN work/sha1 1384047269 CP c4b CP c6b
